[2026-02-12 07:22:26] [INFO] Starting ECSBF Engine...
[2026-02-12 07:22:26] [INFO] ECSBF Engine listening on port 4096
[2026-02-12 07:23:02] [INFO] Handshake completed
[2026-02-12 07:23:06] [INFO] Handshake completed
[2026-02-12 07:23:12] [INFO] Handshake completed
[2026-02-12 07:23:19] [INFO] Handshake completed
[2026-02-12 07:23:26] [INFO] Node-1 connected
[2026-02-12 07:23:26] [INFO] Creating new session for Node-1
[2026-02-12 07:23:36] [INFO] Handshake completed
[2026-02-12 07:23:40] [INFO] Node-2 connected
[2026-02-12 07:23:40] [INFO] Creating new session for Node-2
[2026-02-12 07:28:54] [INFO] Node-2 disconnected
[2026-02-12 07:28:57] [INFO] Node-1 disconnected
[2026-02-12 08:26:02] [INFO] Starting ECSBF Engine...
[2026-02-12 08:26:02] [INFO] Server socket created successfully
[2026-02-12 08:26:02] [INFO] Bind successful on port 4096
[2026-02-12 08:26:02] [INFO] Server now listening for connections
[2026-02-12 08:26:25] [INFO] New client connection accepted
[2026-02-12 08:26:25] [INFO] Handshake completed
[2026-02-12 08:26:53] [INFO] New client connection accepted
[2026-02-12 08:26:53] [INFO] Handshake completed
[2026-02-12 08:27:05] [INFO] Handshake completed
[2026-02-12 08:27:05] [INFO] New client connection accepted
[2026-02-12 08:27:18] [INFO] New node registered: a1
[2026-02-12 08:27:18] [INFO] New client connection accepted
[2026-02-12 08:27:18] [INFO] Handshake completed
[2026-02-12 08:27:24] [INFO] Node-1 connected
[2026-02-12 08:27:24] [INFO] Session key generated for Node-1
[2026-02-12 08:27:30] [INFO] New node registered: a2
[2026-02-12 08:27:30] [INFO] Handshake completed
[2026-02-12 08:27:30] [INFO] New client connection accepted
[2026-02-12 08:27:37] [INFO] Node-2 connected
[2026-02-12 08:27:37] [INFO] Session key generated for Node-2
[2026-02-12 08:27:44] [INFO] New node registered: a3
[2026-02-12 08:27:44] [INFO] New client connection accepted
[2026-02-12 08:27:44] [INFO] Handshake completed
[2026-02-12 08:27:47] [INFO] Node-3 connected
[2026-02-12 08:27:47] [INFO] Session key generated for Node-3
[2026-02-12 08:32:31] [INFO] Starting ECSBF Engine...
[2026-02-12 08:32:31] [INFO] Server socket created successfully
[2026-02-12 08:32:31] [ERROR] Bind failed
[2026-02-12 08:33:35] [INFO] Client disconnected: a3
[2026-02-12 08:33:49] [INFO] Client disconnected: a2
[2026-02-12 08:33:54] [INFO] Client disconnected: a1
[2026-02-12 08:34:15] [INFO] Handshake completed
[2026-02-12 08:34:15] [INFO] New client connection accepted
[2026-02-12 08:34:29] [INFO] New node registered: a4
[2026-02-12 08:34:29] [INFO] New client connection accepted
[2026-02-12 08:34:29] [INFO] Handshake completed
[2026-02-12 08:34:33] [INFO] Node-4 connected
[2026-02-12 08:34:33] [INFO] Session key generated for Node-4
[2026-02-12 08:34:36] [INFO] Client disconnected: a4
[2026-02-12 08:34:37] [INFO] New client connection accepted
[2026-02-12 08:34:37] [INFO] Handshake completed
[2026-02-12 08:34:45] [WARN] Login failed for node: a4
[2026-02-12 08:34:45] [INFO] Handshake completed
[2026-02-12 08:34:45] [INFO] New client connection accepted
[2026-02-12 08:34:57] [INFO] Node-4 connected
[2026-02-12 08:34:57] [INFO] Session key generated for Node-4
[2026-02-12 08:35:00] [INFO] Handshake completed
[2026-02-12 08:35:00] [INFO] New client connection accepted
[2026-02-12 08:35:05] [INFO] Node-2 connected
[2026-02-12 08:35:05] [INFO] Session key generated for Node-2
[2026-02-12 08:43:49] [INFO] Client disconnected: a4
[2026-02-12 08:43:52] [INFO] Client disconnected: a2
[2026-02-12 08:44:29] [INFO] Starting ECSBF Engine...
[2026-02-12 08:44:29] [INFO] Server socket created successfully
[2026-02-12 08:44:29] [INFO] Bind successful on port 4096
[2026-02-12 08:44:29] [INFO] Server now listening for connections
[2026-02-12 08:44:36] [INFO] New client connection accepted
[2026-02-12 08:44:36] [INFO] Handshake completed
[2026-02-12 08:44:44] [INFO] New node registered: e1
[2026-02-12 08:44:44] [INFO] Handshake completed
[2026-02-12 08:44:44] [INFO] New client connection accepted
[2026-02-12 08:44:47] [INFO] Node-1 connected
[2026-02-12 08:44:47] [INFO] Session key generated for Node-1
[2026-02-12 08:48:09] [INFO] Client disconnected: e1
[2026-02-12 08:54:27] [INFO] Starting ECSBF Engine...
[2026-02-12 08:54:27] [INFO] Server socket created successfully
[2026-02-12 08:54:27] [INFO] Bind successful on port 4096
[2026-02-12 08:54:27] [INFO] Server now listening for connections
[2026-02-12 08:55:40] [INFO] New client connection accepted
[2026-02-12 08:55:40] [INFO] Handshake completed
[2026-02-12 08:56:47] [INFO] New client connection accepted
[2026-02-12 08:56:47] [INFO] Handshake completed
[2026-02-12 08:57:02] [INFO] Handshake completed
[2026-02-12 08:57:02] [INFO] New node registered: r1
[2026-02-12 08:57:02] [INFO] New client connection accepted
[2026-02-12 08:57:06] [INFO] Node-1 connected
[2026-02-12 08:57:06] [INFO] Session key generated for Node-1
[2026-02-12 08:57:15] [INFO] Handshake completed
[2026-02-12 08:57:15] [INFO] New node registered: r2
[2026-02-12 08:57:15] [INFO] New client connection accepted
[2026-02-12 08:57:19] [INFO] Node-2 connected
[2026-02-12 08:57:19] [INFO] Session key generated for Node-2
[2026-02-12 09:00:15] [INFO] Client disconnected: r1
[2026-02-12 09:00:20] [INFO] Client disconnected: r2
[2026-02-12 09:26:31] [INFO] Starting ECSBF Engine...
[2026-02-12 09:26:31] [INFO] Server socket created successfully
[2026-02-12 09:26:31] [INFO] Bind successful on port 4096
[2026-02-12 09:26:31] [INFO] Server now listening for connections
[2026-02-12 09:27:35] [INFO] Starting ECSBF Engine...
[2026-02-12 09:27:35] [INFO] Server socket created successfully
[2026-02-12 09:27:35] [INFO] Bind successful on port 4096
[2026-02-12 09:27:35] [INFO] Server now listening for connections
[2026-02-12 09:27:56] [INFO] New client connection accepted
[2026-02-12 09:27:56] [INFO] Handshake completed
[2026-02-12 09:28:31] [INFO] New client connection accepted
[2026-02-12 09:28:31] [INFO] Handshake completed
[2026-02-12 09:29:01] [INFO] Handshake completed
[2026-02-12 09:29:01] [INFO] New node registered: 11
[2026-02-12 09:29:01] [INFO] New client connection accepted
[2026-02-12 09:29:05] [INFO] Node-1 connected
[2026-02-12 09:29:05] [INFO] Session key generated for Node-1
[2026-02-12 09:32:17] [INFO] New client connection accepted
[2026-02-12 09:32:17] [INFO] Handshake completed
[2026-02-12 09:32:22] [INFO] Handshake completed
[2026-02-12 09:32:22] [INFO] New node registered: 13
[2026-02-12 09:32:22] [INFO] New client connection accepted
[2026-02-12 09:32:29] [INFO] Node-2 connected
[2026-02-12 09:32:29] [INFO] Session key generated for Node-2
[2026-02-12 09:37:17] [INFO] Client disconnected: 13
[2026-02-12 09:37:19] [INFO] Client disconnected: 11
[2026-02-12 09:38:34] [INFO] Starting ECSBF Engine...
[2026-02-12 09:38:34] [INFO] Server socket created successfully
[2026-02-12 09:38:34] [INFO] Bind successful on port 4096
[2026-02-12 09:38:34] [INFO] Server now listening for connections
[2026-02-12 09:38:37] [INFO] New client connection accepted
[2026-02-12 09:38:37] [INFO] Handshake completed
[2026-02-12 09:38:42] [INFO] New node registered: 12
[2026-02-12 09:38:42] [INFO] Handshake completed
[2026-02-12 09:38:42] [INFO] New client connection accepted
[2026-02-12 09:38:47] [INFO] Node-1 connected
[2026-02-12 09:38:47] [INFO] Session key generated for Node-1
[2026-02-12 09:38:50] [INFO] New client connection accepted
[2026-02-12 09:38:50] [INFO] Handshake completed
[2026-02-12 09:38:57] [INFO] New client connection accepted
[2026-02-12 09:38:57] [INFO] Handshake completed
[2026-02-12 09:38:59] [INFO] Handshake completed
[2026-02-12 09:38:59] [INFO] New client connection accepted
[2026-02-12 09:39:12] [INFO] New client connection accepted
[2026-02-12 09:39:12] [INFO] Handshake completed
[2026-02-12 09:39:25] [INFO] Handshake completed
[2026-02-12 09:39:25] [INFO] New node registered: Alishaaaaaa
[2026-02-12 09:39:25] [INFO] New client connection accepted
[2026-02-12 09:39:35] [INFO] Node-2 connected
[2026-02-12 09:39:35] [INFO] Session key generated for Node-2
[2026-02-12 09:57:55] [INFO] Client disconnected: Alishaaaaaa
[2026-02-12 09:58:01] [INFO] Client disconnected: 12
[2026-02-12 10:01:28] [INFO] Starting ECSBF Engine...
[2026-02-12 10:01:28] [INFO] Server socket created successfully
[2026-02-12 10:01:28] [INFO] Bind successful on port 4096
[2026-02-12 10:01:28] [INFO] Server now listening for connections
[2026-02-12 10:01:35] [INFO] Handshake completed
[2026-02-12 10:01:35] [INFO] New client connection accepted
[2026-02-12 10:01:40] [INFO] New client connection accepted
[2026-02-12 10:01:40] [INFO] Handshake completed
[2026-02-12 10:01:48] [INFO] New node registered: k1
[2026-02-12 10:01:48] [INFO] New client connection accepted
[2026-02-12 10:01:48] [INFO] Handshake completed
[2026-02-12 10:01:51] [INFO] Node-1 connected
[2026-02-12 10:01:51] [INFO] Session key generated for Node-1
[2026-02-12 10:01:57] [INFO] Handshake completed
[2026-02-12 10:01:57] [INFO] New node registered: k2
[2026-02-12 10:01:57] [INFO] New client connection accepted
[2026-02-12 10:02:01] [INFO] Node-2 connected
[2026-02-12 10:02:01] [INFO] Session key generated for Node-2
[2026-02-12 10:06:41] [INFO] Client disconnected: k2
[2026-02-12 10:06:44] [INFO] Client disconnected: k1
[2026-02-12 10:07:59] [INFO] Starting ECSBF Engine...
[2026-02-12 10:07:59] [INFO] Server socket created successfully
[2026-02-12 10:07:59] [INFO] Bind successful on port 4096
[2026-02-12 10:07:59] [INFO] Server now listening for connections
[2026-02-12 10:08:06] [INFO] New client connection accepted
[2026-02-12 10:08:06] [INFO] Handshake completed
[2026-02-12 10:08:09] [INFO] New client connection accepted
[2026-02-12 10:08:09] [INFO] Handshake completed
[2026-02-12 10:08:15] [INFO] Bytes received: 15
[2026-02-12 10:08:15] [INFO] New node registered: T1
[2026-02-12 10:08:15] [INFO] Bytes received: 16
[2026-02-12 10:08:15] [INFO] Handshake completed
[2026-02-12 10:08:15] [INFO] New client connection accepted
[2026-02-12 10:08:20] [INFO] Bytes received: 12
[2026-02-12 10:08:20] [INFO] Node-1 connected
[2026-02-12 10:08:20] [INFO] Bytes received: 30
[2026-02-12 10:08:20] [INFO] Session key generated for Node-1
[2026-02-12 10:08:27] [INFO] Bytes received: 15
[2026-02-12 10:08:27] [INFO] Bytes received: 16
[2026-02-12 10:08:27] [INFO] Handshake completed
[2026-02-12 10:08:27] [INFO] New node registered: T2
[2026-02-12 10:08:27] [INFO] New client connection accepted
[2026-02-12 10:08:31] [INFO] Bytes received: 12
[2026-02-12 10:08:31] [INFO] Node-2 connected
[2026-02-12 10:08:31] [INFO] Bytes received: 30
[2026-02-12 10:08:31] [INFO] Session key generated for Node-2
[2026-02-12 10:08:33] [INFO] Bytes received: 3
[2026-02-12 10:08:33] [INFO] Bytes received: 26
[2026-02-12 10:08:44] [INFO] Bytes received: 8
[2026-02-12 10:08:44] [INFO] Bytes received: 31
[2026-02-12 10:10:19] [INFO] Bytes received: 0
[2026-02-12 10:10:19] [INFO] Bytes received: 0
[2026-02-12 10:10:19] [INFO] Client disconnected: T2
[2026-02-12 10:10:24] [INFO] Bytes received: 0
[2026-02-12 10:10:24] [INFO] Bytes received: 0
[2026-02-12 10:10:24] [INFO] Client disconnected: T1
[2026-02-12 10:11:07] [INFO] Starting ECSBF Engine...
[2026-02-12 10:11:07] [INFO] Server socket created successfully
[2026-02-12 10:11:07] [INFO] Bind successful on port 4096
[2026-02-12 10:11:07] [INFO] Server now listening for connections
[2026-02-12 10:11:13] [INFO] New client connection accepted
[2026-02-12 10:11:13] [INFO] Handshake completed
[2026-02-12 10:11:17] [INFO] Handshake completed
[2026-02-12 10:11:17] [INFO] New client connection accepted
[2026-02-12 10:11:30] [INFO] Handshake completed
[2026-02-12 10:11:30] [INFO] New node registered: R1
[2026-02-12 10:11:30] [INFO] New client connection accepted
[2026-02-12 10:11:35] [INFO] Node-1 connected
[2026-02-12 10:11:35] [INFO] Session key generated for Node-1
[2026-02-12 10:11:47] [INFO] New node registered: R2
[2026-02-12 10:11:47] [INFO] Handshake completed
[2026-02-12 10:11:47] [INFO] New client connection accepted
[2026-02-12 10:11:48] [INFO] New client connection accepted
[2026-02-12 10:11:48] [INFO] Handshake completed
[2026-02-12 10:11:56] [INFO] Node-2 connected
[2026-02-12 10:11:56] [INFO] Session key generated for Node-2
