[2026-02-13 03:09:38] [INFO] Starting ECSBF Engine...
[2026-02-13 03:09:38] [INFO] Server socket created successfully
[2026-02-13 03:09:38] [INFO] Bind successful on port 4096
[2026-02-13 03:09:38] [INFO] Server now listening
[2026-02-13 03:10:07] [INFO] New client connected
[2026-02-13 03:10:14] [INFO] New node registered: n1
[2026-02-13 03:10:14] [INFO] New client connected
[2026-02-13 03:10:23] [INFO] Node-1 connected
[2026-02-13 03:10:23] [INFO] Session key generated for Node-1
[2026-02-13 03:10:36] [INFO] New client connected
[2026-02-13 03:10:50] [INFO] New node registered: n1
[2026-02-13 03:10:50] [INFO] New client connected
[2026-02-13 03:11:04] [INFO] Node-1 connected
[2026-02-13 03:11:04] [INFO] Session key generated for Node-1
[2026-02-13 03:14:20] [INFO] Starting ECSBF Engine...
[2026-02-13 03:14:20] [INFO] Server socket created successfully
[2026-02-13 03:14:20] [INFO] Bind successful on port 4096
[2026-02-13 03:14:20] [INFO] Server now listening
[2026-02-13 03:14:37] [INFO] New client connected
[2026-02-13 03:14:47] [INFO] New node registered: n1
[2026-02-13 03:14:47] [INFO] New client connected
[2026-02-13 03:14:51] [INFO] Node-1 connected
[2026-02-13 03:14:51] [INFO] Session key generated for Node-1
[2026-02-13 03:15:01] [INFO] New client connected
[2026-02-13 03:15:07] [INFO] New node registered: n2
[2026-02-13 03:15:07] [INFO] New client connected
[2026-02-13 03:15:12] [INFO] Node-2 connected
[2026-02-13 03:15:12] [INFO] Session key generated for Node-2
